---
source: crates/elenchus-solver/tests/json_variants.rs
expression: json
---
{"status":"CONSISTENT","exit_code":0,"conflicts":[],"warnings":[],"derived":[],"defeated":[],"underdetermined":null,"unsat_core":[],"retract":[],"hints":[],"orphans":[],"unused_imports":[],"placeholders":[],"tried":[],"goals":[],"beliefs":[{"premise":null,"kind":"BELIEVES","source":"v.vrf","line":3,"agent":"bob","claim":"d.door locked"}]}
