---
source: crates/elenchus-solver/tests/json_variants.rs
expression: json
---
{"status":"CONSISTENT","exit_code":0,"conflicts":[],"warnings":[],"derived":[],"underdetermined":null,"unsat_core":[],"retract":[],"hints":[{"a":"d.server running","b":"d.server runnng","reason":"looks like a one-character typo of each other"}],"orphans":[{"premise":null,"kind":"FACT","source":"v.vrf","line":2,"atom":"d.server running","value":true},{"premise":null,"kind":"FACT","source":"v.vrf","line":3,"atom":"d.server runnng","value":true}],"unused_imports":[],"placeholders":[]}
