---
source: crates/elenchus-solver/tests/json_variants.rs
expression: json
---
{"status":"CONFLICT","exit_code":2,"conflicts":[{"premise":null,"kind":"KNOWS","source":"v.vrf","line":3,"atoms":["a cannot know both d.x p and NOT d.x p"],"trace":[]}],"warnings":[],"derived":[],"defeated":[],"underdetermined":null,"unsat_core":[],"retract":[],"hints":[],"orphans":[],"unused_imports":[],"placeholders":[],"tried":[],"goals":[],"beliefs":[]}
