---
source: crates/elenchus-solver/tests/json_variants.rs
expression: json
---
{"status":"CONFLICT","exit_code":2,"conflicts":[{"premise":"r","kind":"RULE","source":"v.vrf","line":5,"atoms":["d.x b (derived value contradicts a known fact)"],"trace":[{"atom":"d.x a","value":true,"how":"asserted","premise":null,"kind":"FACT","source":"v.vrf","line":3,"from":[]},{"atom":"d.x b","value":false,"how":"asserted","premise":null,"kind":"NOT","source":"v.vrf","line":4,"from":[]}]}],"warnings":[],"derived":[],"defeated":[],"underdetermined":null,"unsat_core":[],"retract":[],"hints":[],"orphans":[],"unused_imports":[],"placeholders":[]}
