---
source: crates/elenchus-solver/tests/json_variants.rs
expression: json
---
{"status":"CONFLICT","exit_code":2,"conflicts":[{"premise":"r","kind":"RULE","source":"v.vrf","line":4,"atoms":["x b (derived value contradicts a known fact)"],"trace":[{"atom":"x a","value":true,"how":"asserted","premise":null,"kind":"FACT","source":"v.vrf","line":2,"from":[]},{"atom":"x b","value":false,"how":"asserted","premise":null,"kind":"NOT","source":"v.vrf","line":3,"from":[]}]}],"warnings":[],"derived":[],"underdetermined":null,"unsat_core":[],"retract":[],"hints":[],"orphans":[]}
