---
source: crates/elenchus-solver/tests/json_variants.rs
expression: json
---
{"status":"CONFLICT","exit_code":2,"conflicts":[{"premise":null,"kind":"FACT","source":"v.vrf","line":3,"atoms":["d.y c (asserted both TRUE and FALSE)"],"trace":[]},{"premise":"e","kind":"EXCLUSIVE","source":"v.vrf","line":7,"atoms":["d.x a","d.x b"],"trace":[{"atom":"d.x a","value":true,"how":"asserted","premise":null,"kind":"FACT","source":"v.vrf","line":5,"from":[]},{"atom":"d.x b","value":true,"how":"asserted","premise":null,"kind":"FACT","source":"v.vrf","line":6,"from":[]}]}],"warnings":[],"derived":[],"underdetermined":null,"unsat_core":[],"retract":[],"hints":[],"orphans":[{"premise":null,"kind":"FACT","source":"v.vrf","line":3,"atom":"d.y c","value":true},{"premise":null,"kind":"NOT","source":"v.vrf","line":4,"atom":"d.y c","value":false}],"unused_imports":[],"placeholders":[]}
