---
source: crates/elenchus-solver/tests/json_variants.rs
expression: json
---
{"status":"UNDERDETERMINED","exit_code":1,"conflicts":[],"warnings":[],"derived":[],"defeated":[],"underdetermined":"d.deploys unblocked","unsat_core":[],"retract":[],"hints":[],"orphans":[],"unused_imports":[],"placeholders":[],"tried":[{"premise":null,"kind":"TRY","source":"v.vrf","line":9,"label":"d.deploys is_ready","for":null,"outcome":"still_open"}],"goals":[],"derivation":[],"beliefs":[]}
