---
source: crates/elenchus-solver/tests/json_variants.rs
expression: json
---
{"status":"CONSISTENT","exit_code":0,"conflicts":[],"warnings":[],"derived":[],"underdetermined":null,"unsat_core":[],"retract":[],"hints":[],"orphans":[{"premise":null,"kind":"FACT","source":"v.vrf","line":2,"atom":"d.x a","value":true}],"unused_imports":[]}
