---
source: crates/elenchus-solver/tests/json_variants.rs
expression: json
---
{"status":"CONFLICT","exit_code":2,"conflicts":[{"premise":null,"kind":"UNSAT","source":"<system>","line":0,"atoms":["the premises and facts are jointly unsatisfiable"],"trace":[]}],"warnings":[{"premise":"a_implies_b","kind":"PREMISE","source":"v.vrf","line":1,"blocked_by":["x a","x b"]},{"premise":"a_implies_not_b","kind":"PREMISE","source":"v.vrf","line":4,"blocked_by":["x a","x b"]},{"premise":"c_implies_a","kind":"PREMISE","source":"v.vrf","line":11,"blocked_by":["x c","x a"]}],"derived":[],"underdetermined":null,"unsat_core":[{"premise":"a_implies_b","kind":"PREMISE","source":"v.vrf","line":1,"label":"a_implies_b"},{"premise":"a_implies_not_b","kind":"PREMISE","source":"v.vrf","line":4,"label":"a_implies_not_b"},{"premise":"atleast_a_c","kind":"ATLEAST","source":"v.vrf","line":7,"label":"atleast_a_c"},{"premise":"c_implies_a","kind":"PREMISE","source":"v.vrf","line":11,"label":"c_implies_a"}]}
