---
source: crates/elenchus-solver/tests/json_variants.rs
expression: json
---
{"status":"CONFLICT","exit_code":2,"conflicts":[{"premise":null,"kind":"FACT","source":"v.vrf","line":2,"atoms":["y c (asserted both TRUE and FALSE)"],"trace":[]},{"premise":"e","kind":"EXCLUSIVE","source":"v.vrf","line":6,"atoms":["x a","x b"],"trace":[{"atom":"x a","value":true,"how":"asserted","premise":null,"kind":"FACT","source":"v.vrf","line":4,"from":[]},{"atom":"x b","value":true,"how":"asserted","premise":null,"kind":"FACT","source":"v.vrf","line":5,"from":[]}]}],"warnings":[],"derived":[],"underdetermined":null,"unsat_core":[],"hints":[]}
