---
source: crates/elenchus-solver/tests/json_variants.rs
expression: json
---
{"status":"CONSISTENT","exit_code":0,"conflicts":[],"warnings":[],"derived":[{"premise":"mortal","kind":"RULE","source":"v.vrf","line":3,"atom":"d.socrates is mortal","value":true}],"defeated":[],"underdetermined":null,"unsat_core":[],"retract":[],"hints":[],"orphans":[],"unused_imports":[],"placeholders":[],"tried":[],"goals":[{"premise":null,"kind":"PROVE","source":"v.vrf","line":6,"label":"d.socrates is mortal","outcome":"proved"}],"derivation":[],"beliefs":[]}
