---
source: crates/elenchus-solver/tests/json_variants.rs
expression: json
---
{"status":"CONFLICT","exit_code":2,"conflicts":[{"premise":null,"kind":"FACT","source":"v.vrf","line":1,"atoms":["x a (asserted both TRUE and FALSE)"],"trace":[]}],"warnings":[],"derived":[],"underdetermined":null,"unsat_core":[],"retract":[],"hints":[],"orphans":[{"premise":null,"kind":"FACT","source":"v.vrf","line":1,"atom":"x a","value":true},{"premise":null,"kind":"NOT","source":"v.vrf","line":2,"atom":"x a","value":false}]}
