---
source: crates/elenchus-solver/tests/json_variants.rs
expression: json
---
{"status":"CONFLICT","exit_code":2,"conflicts":[{"premise":null,"kind":"UNSAT","source":"<system>","line":0,"atoms":["the premises and facts are jointly unsatisfiable"],"trace":[]}],"warnings":[{"premise":"a_implies_b","kind":"PREMISE","source":"v.vrf","line":3,"blocked_by":["d.x a","d.x b"]},{"premise":"a_implies_not_b","kind":"PREMISE","source":"v.vrf","line":6,"blocked_by":["d.x a","d.x b"]},{"premise":"c_implies_a","kind":"PREMISE","source":"v.vrf","line":13,"blocked_by":["d.x c","d.x a"]}],"derived":[],"underdetermined":null,"unsat_core":[{"premise":"a_implies_b","kind":"PREMISE","source":"v.vrf","line":3,"label":"a_implies_b"},{"premise":"a_implies_not_b","kind":"PREMISE","source":"v.vrf","line":6,"label":"a_implies_not_b"},{"premise":"atleast_a_c","kind":"ATLEAST","source":"v.vrf","line":9,"label":"atleast_a_c"},{"premise":"c_implies_a","kind":"PREMISE","source":"v.vrf","line":13,"label":"c_implies_a"}],"retract":[],"hints":[],"orphans":[]}
