---
source: crates/elenchus-solver/tests/output_variants.rs
expression: "report(\"FACT x a\\nASSUME NOT x a\\nCHECK x\\n\")"
---
RESULT: CONFLICT
  RETRACT  your FACTs and PREMISEs are fine.
      But these ASSUME guesses cannot all be true together.
      Remove or flip ONE of them, then check again:
      ASSUME NOT x a   [v.vrf:2]
  ORPHAN    FACT x a — not used by any premise or rule (no effect on the result)
  ORPHAN    ASSUME NOT x a — not used by any premise or rule (no effect on the result)
SUMMARY: 1 conflicts, 0 underdetermined, 0 warnings, 0 derived
EXIT_CODE: 2
