---
source: crates/elenchus-solver/tests/output_variants.rs
expression: "report(r#\"\n        FACT x a\n        NOT x b\n        PREMISE w:\n            WHEN x a\n            THEN x b\n        CHECK x\n        \"#)"
---
RESULT: CONFLICT
  CONFLICT  w (PREMISE)  [v.vrf:5]
      d.x a
      d.x b
      why:
        d.x a = TRUE   [FACT v.vrf:3]
        d.x b = FALSE   [NOT v.vrf:4]
SUMMARY: 1 conflicts, 0 underdetermined, 0 warnings, 0 derived
EXIT_CODE: 2
