---
source: crates/elenchus-solver/tests/report.rs
expression: "format!(\"{r}\")"
---
RESULT: CONFLICT
  CONFLICT  fly_xor_swim (EXCLUSIVE)  [conflict.vrf:8]
      zoo.Animal_B has flying
      zoo.Animal_B has swimming
      why:
        zoo.Animal_B has flying = TRUE   [FACT conflict.vrf:5]
        zoo.Animal_B has swimming = TRUE   [FACT conflict.vrf:6]
SUMMARY: 1 conflicts, 0 underdetermined, 0 warnings, 0 derived
EXIT_CODE: 2
