---
source: crates/elenchus-solver/tests/report.rs
expression: "format!(\"{r}\")"
---
RESULT: CONFLICT
  CONFLICT  mortal_xor_immortal (EXCLUSIVE)  [socrates.vrf:31]
      philosophy.socrates is mortal
      philosophy.socrates is immortal
      why:
        philosophy.socrates is human = TRUE   [FACT socrates.vrf:15]
        philosophy.socrates is animal = TRUE   from humans_are_animals (RULE)  [socrates.vrf:19]  <= philosophy.socrates is human
        philosophy.socrates is living = TRUE   from animals_are_living (RULE)  [socrates.vrf:23]  <= philosophy.socrates is animal
        philosophy.socrates is mortal = TRUE   from living_things_are_mortal (RULE)  [socrates.vrf:27]  <= philosophy.socrates is living
        philosophy.socrates is immortal = TRUE   [FACT socrates.vrf:16]
  DERIVED   philosophy.socrates is animal = TRUE   from humans_are_animals (RULE)  [socrates.vrf:19]
  DERIVED   philosophy.socrates is living = TRUE   from animals_are_living (RULE)  [socrates.vrf:23]
  DERIVED   philosophy.socrates is mortal = TRUE   from living_things_are_mortal (RULE)  [socrates.vrf:27]
SUMMARY: 1 conflicts, 0 underdetermined, 0 warnings, 3 derived
EXIT_CODE: 2
