---
source: crates/elenchus-parser/tests/errors.rs
expression: "err(r#\"\n        PREMISE modes\n            EXCLUSIVE\n                a b\n                a c\n        \"#)"
---
RESULT: 1 syntax error

[1/1] line 2, col 22
   |         PREMISE modes
   |                      ^
   problem : expected ':' after the premise name
