---
source: crates/elenchus-parser/tests/errors.rs
expression: "diags(REPEATED).render(Some(1), None)"
---
RESULT: 4 syntax errors

FACT  (3 problems)
  syntax  : FACT [<domain>.]<Subject> <predicate> [<object>]
  example : FACT socrates is human
    line 1, col 6 - FACT expects an atom: <Subject> <predicate> [<object>]
      | FACT one
      |      ^^^
    line 2, col 6 - FACT expects an atom: <Subject> <predicate> [<object>]
      | FACT two
      |      ^^^
    line 3, col 6 - FACT expects an atom: <Subject> <predicate> [<object>]
      | FACT three
      |      ^^^^^

... and 1 more class — pass --max-classes 0 for all
