---
source: crates/elenchus-parser/tests/errors.rs
expression: "err(r#\"\n        PREMISE g:\n            WHEN x a\n            AND\n            THEN x b\n        \"#)"
---
Syntax Error at line 4, col 13: expected THEN to complete the WHEN ... THEN implication
  |             AND
  |             ^--- here
