---
source: crates/elenchus-parser/tests/errors.rs
expression: "err(\"ASSUME lonely\\n\")"
---
RESULT: 1 syntax error

[1/1] line 1, col 8
   | ASSUME lonely
   |        ^^^^^^
   problem : ASSUME expects an atom: [NOT] <Subject> <predicate> [<object>]
   syntax  : ASSUME [NOT] <Subject> <predicate> [<object>]
   example : ASSUME release is_ready
