---
source: crates/elenchus-parser/tests/errors.rs
expression: "err(\"PREMISE p:\\n    EXISTS h WITNESS\\n        h does x\\n\")"
---
RESULT: 1 syntax error

EXISTS  (1 problem)
  syntax  : EXISTS <binder> IN <set> (or WITNESS <term>)  then one condition line using the binder
  example : EXISTS h IN handlers
                h handles request
    line 2, col 13 - EXISTS expects `WITNESS <term>` or `IN <set>`: EXISTS <binder> WITNESS <term>
      |     EXISTS h WITNESS
      |             ^^^^^^^^
